% unused_constants(1,[period])
% Runtime for SOLUTION for SETUP_CONSTANTS: 58 ms (walltime: 58 ms)
% Runtime to FINALISE SETUP_CONSTANTS: 0 ms (walltime: 0 ms)

ALL OPERATIONS COVERED
% Model checking finished, all open states visited
Model checking time: 2365 ms (2454 ms walltime)
States analysed: 25201
Transitions fired: 327602
No counter example found. ALL states visited.

Coverage Information:
CATEGORY HITS
STATES 25202
deadlocked 0
invariant_violated 0
invariant_not_checked 0
open 0
live 25202
total 25202
------------- 
TOTAL_TRANSITIONS 327602
COVERED_EVENTS 6
Decide 12096
Emit 12096
Environment 302400
INITIALISATION 1
SETUP_CONSTANTS 1
Sample 1008
UNCOVERED_EVENTS 0

