WARNING: Using incubator modules: jdk.incubator.foreign, jdk.incubator.vector
RESULT C_AutomotivePilot 0/0
PENDING M0_AtomicCycle INITIALISATION/inv_remaining/INV
CLOSED M0_AtomicCycle INITIALISATION/inv_command/INV
CLOSED M0_AtomicCycle INITIALISATION/inv_outputL/INV
CLOSED M0_AtomicCycle INITIALISATION/inv_outputR/INV
PENDING M0_AtomicCycle Cycle/inv_hazard/INV
PENDING M0_AtomicCycle Cycle/inv_engine/INV
PENDING M0_AtomicCycle Cycle/inv_sync/INV
PENDING M0_AtomicCycle Cycle/inv_phaseoff/INV
PENDING M0_AtomicCycle Cycle/inv_leftactive/INV
PENDING M0_AtomicCycle Cycle/inv_rightactive/INV
UNPROVED M0_AtomicCycle INITIALISATION/inv_remaining/INV
UNPROVED M0_AtomicCycle Cycle/inv_hazard/INV
UNPROVED M0_AtomicCycle Cycle/inv_engine/INV
UNPROVED M0_AtomicCycle Cycle/inv_sync/INV
UNPROVED M0_AtomicCycle Cycle/inv_phaseoff/INV
UNPROVED M0_AtomicCycle Cycle/inv_leftactive/INV
UNPROVED M0_AtomicCycle Cycle/inv_rightactive/INV
RESULT M0_AtomicCycle 25/32
PENDING M1_SampledCycle INITIALISATION/inv_remaining/INV
CLOSED M1_SampledCycle INITIALISATION/inv_command/INV
CLOSED M1_SampledCycle INITIALISATION/inv_outputL/INV
CLOSED M1_SampledCycle INITIALISATION/inv_outputR/INV
PENDING M1_SampledCycle INITIALISATION/inv_stage/INV
PENDING M1_SampledCycle INITIALISATION/inv_nextRemaining/INV
PENDING M1_SampledCycle Sample/inv_stage/INV
PENDING M1_SampledCycle Sample/VAR
PENDING M1_SampledCycle Decide/inv_stage/INV
PENDING M1_SampledCycle Decide/NAT
PENDING M1_SampledCycle Decide/VAR
PENDING M1_SampledCycle Emit/inv_hazard/INV
PENDING M1_SampledCycle Emit/inv_engine/INV
PENDING M1_SampledCycle Emit/inv_sync/INV
PENDING M1_SampledCycle Emit/inv_phaseoff/INV
PENDING M1_SampledCycle Emit/inv_leftactive/INV
PENDING M1_SampledCycle Emit/inv_rightactive/INV
PENDING M1_SampledCycle Emit/inv_stage/INV
UNPROVED M1_SampledCycle INITIALISATION/inv_remaining/INV
UNPROVED M1_SampledCycle INITIALISATION/inv_stage/INV
UNPROVED M1_SampledCycle INITIALISATION/inv_nextRemaining/INV
UNPROVED M1_SampledCycle Sample/inv_stage/INV
UNPROVED M1_SampledCycle Sample/VAR
UNPROVED M1_SampledCycle Decide/inv_stage/INV
UNPROVED M1_SampledCycle Decide/NAT
UNPROVED M1_SampledCycle Decide/VAR
UNPROVED M1_SampledCycle Emit/inv_hazard/INV
UNPROVED M1_SampledCycle Emit/inv_engine/INV
UNPROVED M1_SampledCycle Emit/inv_sync/INV
UNPROVED M1_SampledCycle Emit/inv_phaseoff/INV
UNPROVED M1_SampledCycle Emit/inv_leftactive/INV
UNPROVED M1_SampledCycle Emit/inv_rightactive/INV
UNPROVED M1_SampledCycle Emit/inv_stage/INV
RESULT M1_SampledCycle 42/57
